09-14 18:16:05.280  9935  9964 I TestRunner: started: vertical_scroll_content_at_first_position(com.example.dogglers.VerticalListTests)
09-14 18:16:05.287  9935  9935 D LifecycleMonitor: Lifecycle status change: androidx.test.core.app.InstrumentationActivityInvoker$EmptyActivity@ac1d05d in: DESTROYED
09-14 18:16:05.289   809  1080 D EGL_emulation: app_time_stats: avg=811.74ms min=277.93ms max=1345.54ms count=2
09-14 18:16:05.291   597  3217 W InputManager-JNI: Input channel object 'da41f4a com.example.dogglers/androidx.test.core.app.InstrumentationActivityInvoker$EmptyActivity (client)' was disposed without first being removed with the input manager!
09-14 18:16:05.310  9935  9964 W Settings: Setting always_finish_activities has moved from android.provider.Settings.System to android.provider.Settings.Global, returning read-only value.
09-14 18:16:05.340   809  1075 D SplashScreenView: Build android.window.SplashScreenView{be705ce V.E...... ......ID 0,0-0,0}
09-14 18:16:05.340   809  1075 D SplashScreenView: Icon: view: null drawable: null size: 0
09-14 18:16:05.340   809  1075 D SplashScreenView: Branding: view: android.view.View{766cef G.ED..... ......I. 0,0-0,0 #10204a6 android:id/splashscreen_branding_view} drawable: null size w: 0 h: 0
09-14 18:16:05.367   348   446 D goldfish-address-space: claimShared: Ask to claim region [0x3f3034000 0x3f39d8000]
09-14 18:16:05.389   348   446 D goldfish-address-space: claimShared: Ask to claim region [0x3f09a4000 0x3f1348000]
09-14 18:16:05.394   348   446 D goldfish-address-space: claimShared: Ask to claim region [0x3f1348000 0x3f1cec000]
09-14 18:16:05.397  9935  9935 D LifecycleMonitor: Lifecycle status change: androidx.test.core.app.InstrumentationActivityInvoker$BootstrapActivity@7e3ae15 in: PRE_ON_CREATE
09-14 18:16:05.397  9935  9935 V ActivityScenario: Activity lifecycle changed event received but ignored because the intent does not match. startActivityIntent=Intent { act=android.intent.action.MAIN cat=[android.intent.category.LAUNCHER] cmp=com.example.dogglers/.VerticalListActivity }, activity.getIntent()=Intent { act=android.intent.action.MAIN cat=[android.intent.category.LAUNCHER] flg=0x10008000 cmp=com.example.dogglers/androidx.test.core.app.InstrumentationActivityInvoker$BootstrapActivity (has extras) }, activity=androidx.test.core.app.InstrumentationActivityInvoker$BootstrapActivity@7e3ae15
09-14 18:16:05.432  9935  9935 D LifecycleMonitor: Lifecycle status change: androidx.test.core.app.InstrumentationActivityInvoker$BootstrapActivity@7e3ae15 in: CREATED
09-14 18:16:05.433  9935  9935 V ActivityScenario: Activity lifecycle changed event received but ignored because the intent does not match. startActivityIntent=Intent { act=android.intent.action.MAIN cat=[android.intent.category.LAUNCHER] cmp=com.example.dogglers/.VerticalListActivity }, activity.getIntent()=Intent { act=android.intent.action.MAIN cat=[android.intent.category.LAUNCHER] flg=0x10008000 cmp=com.example.dogglers/androidx.test.core.app.InstrumentationActivityInvoker$BootstrapActivity (has extras) }, activity=androidx.test.core.app.InstrumentationActivityInvoker$BootstrapActivity@7e3ae15
09-14 18:16:05.435  9935  9935 D LifecycleMonitor: Lifecycle status change: androidx.test.core.app.InstrumentationActivityInvoker$BootstrapActivity@7e3ae15 in: STARTED
09-14 18:16:05.436  9935  9935 V ActivityScenario: Activity lifecycle changed event received but ignored because the intent does not match. startActivityIntent=Intent { act=android.intent.action.MAIN cat=[android.intent.category.LAUNCHER] cmp=com.example.dogglers/.VerticalListActivity }, activity.getIntent()=Intent { act=android.intent.action.MAIN cat=[android.intent.category.LAUNCHER] flg=0x10008000 cmp=com.example.dogglers/androidx.test.core.app.InstrumentationActivityInvoker$BootstrapActivity (has extras) }, activity=androidx.test.core.app.InstrumentationActivityInvoker$BootstrapActivity@7e3ae15
09-14 18:16:05.480   903   914 I rkstack.proces: WaitForGcToComplete blocked HeapTrim on None for 12.852ms
09-14 18:16:05.494  9935  9935 D LifecycleMonitor: Lifecycle status change: androidx.test.core.app.InstrumentationActivityInvoker$BootstrapActivity@7e3ae15 in: RESUMED
09-14 18:16:05.495  9935  9935 V ActivityScenario: Activity lifecycle changed event received but ignored because the intent does not match. startActivityIntent=Intent { act=android.intent.action.MAIN cat=[android.intent.category.LAUNCHER] cmp=com.example.dogglers/.VerticalListActivity }, activity.getIntent()=Intent { act=android.intent.action.MAIN cat=[android.intent.category.LAUNCHER] flg=0x10008000 cmp=com.example.dogglers/androidx.test.core.app.InstrumentationActivityInvoker$BootstrapActivity (has extras) }, activity=androidx.test.core.app.InstrumentationActivityInvoker$BootstrapActivity@7e3ae15
09-14 18:16:05.513  9935  9935 D LifecycleMonitor: Lifecycle status change: androidx.test.core.app.InstrumentationActivityInvoker$BootstrapActivity@7e3ae15 in: PAUSED
09-14 18:16:05.514  9935  9935 V ActivityScenario: Activity lifecycle changed event received but ignored because the intent does not match. startActivityIntent=Intent { act=android.intent.action.MAIN cat=[android.intent.category.LAUNCHER] cmp=com.example.dogglers/.VerticalListActivity }, activity.getIntent()=Intent { act=android.intent.action.MAIN cat=[android.intent.category.LAUNCHER] flg=0x10008000 cmp=com.example.dogglers/androidx.test.core.app.InstrumentationActivityInvoker$BootstrapActivity (has extras) }, activity=androidx.test.core.app.InstrumentationActivityInvoker$BootstrapActivity@7e3ae15
09-14 18:16:05.516  2351  2351 I A       : onApplyWindowInsets: systemWindowInsets=Insets{left=0, top=145, right=0, bottom=132}
09-14 18:16:05.517  2351  2351 I A       : onApplyWindowInsets: Adjusting for display cutouts. Safe insets: left=0, top=136, right=0, bottom=0
09-14 18:16:05.518  2351  2351 I A       : onApplyWindowInsets: systemWindowInsets=Insets{left=0, top=145, right=0, bottom=132}
09-14 18:16:05.533  2611  2611 I GsaVoiceInteractionSrv: Handling ACTION_STOP_HOTWORD
09-14 18:16:05.535  2611  2611 E HwDetectorWithState: a: 3
09-14 18:16:05.550  9935  9935 D LifecycleMonitor: Lifecycle status change: com.example.dogglers.VerticalListActivity@7c891f7 in: PRE_ON_CREATE
09-14 18:16:05.550  9935  9935 V ActivityScenario: Activity lifecycle changed event received but ignored because the reported transition was not ON_CREATE while the last known transition was PRE_ON_CREATE
09-14 18:16:05.602  9935  9935 D LifecycleMonitor: Lifecycle status change: com.example.dogglers.VerticalListActivity@7c891f7 in: CREATED
09-14 18:16:05.602  9935  9935 V ActivityScenario: Update currentActivityStage to CREATED, currentActivity=com.example.dogglers.VerticalListActivity@7c891f7
09-14 18:16:05.609  9935  9935 D LifecycleMonitor: Lifecycle status change: com.example.dogglers.VerticalListActivity@7c891f7 in: STARTED
09-14 18:16:05.612  9935  9935 V ActivityScenario: Update currentActivityStage to STARTED, currentActivity=com.example.dogglers.VerticalListActivity@7c891f7
09-14 18:16:05.614  9935  9935 D LifecycleMonitor: Lifecycle status change: com.example.dogglers.VerticalListActivity@7c891f7 in: RESUMED
09-14 18:16:05.615  9935  9935 V ActivityScenario: Update currentActivityStage to RESUMED, currentActivity=com.example.dogglers.VerticalListActivity@7c891f7
09-14 18:16:05.639  9935  9935 D LifecycleMonitor: Lifecycle status change: androidx.test.core.app.InstrumentationActivityInvoker$BootstrapActivity@7e3ae15 in: STOPPED
09-14 18:16:05.640  9935  9935 V ActivityScenario: Activity lifecycle changed event received but ignored because the intent does not match. startActivityIntent=Intent { act=android.intent.action.MAIN cat=[android.intent.category.LAUNCHER] cmp=com.example.dogglers/.VerticalListActivity }, activity.getIntent()=Intent { act=android.intent.action.MAIN cat=[android.intent.category.LAUNCHER] flg=0x10008000 cmp=com.example.dogglers/androidx.test.core.app.InstrumentationActivityInvoker$BootstrapActivity (has extras) }, activity=androidx.test.core.app.InstrumentationActivityInvoker$BootstrapActivity@7e3ae15
09-14 18:16:05.674   348   446 D goldfish-address-space: claimShared: Ask to claim region [0x3f0000000 0x3f09a4000]
09-14 18:16:05.692   348   446 D goldfish-address-space: claimShared: Ask to claim region [0x3f1cec000 0x3f2690000]
09-14 18:16:05.699   348   446 D goldfish-address-space: claimShared: Ask to claim region [0x3f2690000 0x3f3034000]
09-14 18:16:05.861   597   624 I ActivityTaskManager: Displayed com.example.dogglers/.VerticalListActivity: +532ms
09-14 18:16:05.889  9935  9935 D RootViewPicker: Root not ready - waiting: 10ms for one to appear.
09-14 18:16:05.901  1475  1475 I GoogleInputMethodService: GoogleInputMethodService.onFinishInput():3420
09-14 18:16:05.901  1475  1475 I GoogleInputMethodService: GoogleInputMethodService.onStartInput():2002
09-14 18:16:05.903  1475  1475 I DeviceUnlockedTag: DeviceUnlockedTag.notifyDeviceLockStatusChanged():31 Notify device unlocked.
09-14 18:16:06.003  9935  9935 I ViewInteraction: Checking 'MatchesViewAssertion{viewMatcher=(view has effective visibility <VISIBLE> and view.getGlobalVisibleRect() to return non-empty rectangle)}' assertion on view an instance of android.widget.TextView and view.getText() with or without transformation to match: is "Tzeitel"
09-14 18:16:06.049   597  6015 W InputManager-JNI: Input channel object '52d986f Splash Screen com.example.dogglers (client)' was disposed without first being removed with the input manager!
09-14 18:16:06.077  9935  9935 I ViewInteraction: Checking 'MatchesViewAssertion{viewMatcher=(view has effective visibility <VISIBLE> and view.getGlobalVisibleRect() to return non-empty rectangle)}' assertion on view an instance of android.widget.TextView and view.getText() with or without transformation to match: is "Age: 7"
09-14 18:16:06.089  9935  9935 I ViewInteraction: Checking 'MatchesViewAssertion{viewMatcher=(view has effective visibility <VISIBLE> and view.getGlobalVisibleRect() to return non-empty rectangle)}' assertion on view an instance of android.widget.TextView and view.getText() with or without transformation to match: is "Hobbies: sunbathing"
09-14 18:16:06.589  9935  9935 I ViewInteraction: Checking 'MatchesViewAssertion{viewMatcher=(view has effective visibility <VISIBLE> and view.getGlobalVisibleRect() to return non-empty rectangle)}' assertion on view has drawable resource 2131165345
09-14 18:16:06.633  9935  9935 D LifecycleMonitor: Lifecycle status change: com.example.dogglers.VerticalListActivity@7c891f7 in: PAUSED
09-14 18:16:06.639  9935  9935 V ActivityScenario: Update currentActivityStage to PAUSED, currentActivity=com.example.dogglers.VerticalListActivity@7c891f7
09-14 18:16:06.677  9935  9935 D LifecycleMonitor: Lifecycle status change: androidx.test.core.app.InstrumentationActivityInvoker$EmptyActivity@9a240c0 in: PRE_ON_CREATE
09-14 18:16:06.690  9935  9935 V ActivityScenario: Activity lifecycle changed event received but ignored because the intent does not match. startActivityIntent=Intent { act=android.intent.action.MAIN cat=[android.intent.category.LAUNCHER] cmp=com.example.dogglers/.VerticalListActivity }, activity.getIntent()=Intent { act=android.intent.action.MAIN cat=[android.intent.category.LAUNCHER] flg=0x10000000 cmp=com.example.dogglers/androidx.test.core.app.InstrumentationActivityInvoker$EmptyActivity }, activity=androidx.test.core.app.InstrumentationActivityInvoker$EmptyActivity@9a240c0
09-14 18:16:06.748  9935  9935 D LifecycleMonitor: Lifecycle status change: androidx.test.core.app.InstrumentationActivityInvoker$EmptyActivity@9a240c0 in: CREATED
09-14 18:16:06.749  9935  9935 V ActivityScenario: Activity lifecycle changed event received but ignored because the intent does not match. startActivityIntent=Intent { act=android.intent.action.MAIN cat=[android.intent.category.LAUNCHER] cmp=com.example.dogglers/.VerticalListActivity }, activity.getIntent()=Intent { act=android.intent.action.MAIN cat=[android.intent.category.LAUNCHER] flg=0x10000000 cmp=com.example.dogglers/androidx.test.core.app.InstrumentationActivityInvoker$EmptyActivity }, activity=androidx.test.core.app.InstrumentationActivityInvoker$EmptyActivity@9a240c0
09-14 18:16:06.752  9935  9935 D LifecycleMonitor: Lifecycle status change: androidx.test.core.app.InstrumentationActivityInvoker$EmptyActivity@9a240c0 in: STARTED
09-14 18:16:06.755  9935  9935 V ActivityScenario: Activity lifecycle changed event received but ignored because the intent does not match. startActivityIntent=Intent { act=android.intent.action.MAIN cat=[android.intent.category.LAUNCHER] cmp=com.example.dogglers/.VerticalListActivity }, activity.getIntent()=Intent { act=android.intent.action.MAIN cat=[android.intent.category.LAUNCHER] flg=0x10000000 cmp=com.example.dogglers/androidx.test.core.app.InstrumentationActivityInvoker$EmptyActivity }, activity=androidx.test.core.app.InstrumentationActivityInvoker$EmptyActivity@9a240c0
09-14 18:16:06.760  9935  9935 D LifecycleMonitor: Lifecycle status change: androidx.test.core.app.InstrumentationActivityInvoker$EmptyActivity@9a240c0 in: RESUMED
09-14 18:16:06.761  9935  9935 V ActivityScenario: Activity lifecycle changed event received but ignored because the intent does not match. startActivityIntent=Intent { act=android.intent.action.MAIN cat=[android.intent.category.LAUNCHER] cmp=com.example.dogglers/.VerticalListActivity }, activity.getIntent()=Intent { act=android.intent.action.MAIN cat=[android.intent.category.LAUNCHER] flg=0x10000000 cmp=com.example.dogglers/androidx.test.core.app.InstrumentationActivityInvoker$EmptyActivity }, activity=androidx.test.core.app.InstrumentationActivityInvoker$EmptyActivity@9a240c0
09-14 18:16:06.813   348   446 D goldfish-address-space: claimShared: Ask to claim region [0x3f3034000 0x3f39d8000]
09-14 18:16:06.823   348   446 D goldfish-address-space: claimShared: Ask to claim region [0x3f09a4000 0x3f1348000]
09-14 18:16:06.834   348   446 D goldfish-address-space: claimShared: Ask to claim region [0x3f1348000 0x3f1cec000]
09-14 18:16:06.848   597   624 I ActivityTaskManager: Displayed com.example.dogglers/androidx.test.core.app.InstrumentationActivityInvoker$EmptyActivity: +244ms
09-14 18:16:06.891  9935  9935 D LifecycleMonitor: Lifecycle status change: com.example.dogglers.VerticalListActivity@7c891f7 in: STOPPED
09-14 18:16:06.891  9935  9935 V ActivityScenario: Update currentActivityStage to STOPPED, currentActivity=com.example.dogglers.VerticalListActivity@7c891f7
09-14 18:16:06.897  9935  9935 D LifecycleMonitor: Lifecycle status change: com.example.dogglers.VerticalListActivity@7c891f7 in: DESTROYED
09-14 18:16:06.897  9935  9935 V ActivityScenario: Update currentActivityStage to DESTROYED, currentActivity=null
09-14 18:16:06.907   597  6015 W InputManager-JNI: Input channel object '86525ba com.example.dogglers/com.example.dogglers.VerticalListActivity (client)' was disposed without first being removed with the input manager!
09-14 18:16:06.920  1475  1475 I GoogleInputMethodService: GoogleInputMethodService.onFinishInput():3420
09-14 18:16:06.923  1475  1475 I GoogleInputMethodService: GoogleInputMethodService.onStartInput():2002
09-14 18:16:06.925  1475  1475 I DeviceUnlockedTag: DeviceUnlockedTag.notifyDeviceLockStatusChanged():31 Notify device unlocked.
09-14 18:16:06.942  9935  9935 D LifecycleMonitor: Lifecycle status change: androidx.test.core.app.InstrumentationActivityInvoker$EmptyActivity@9a240c0 in: PAUSED
09-14 18:16:06.944  9935  9935 V ActivityScenario: Activity lifecycle changed event received but ignored because the intent does not match. startActivityIntent=Intent { act=android.intent.action.MAIN cat=[android.intent.category.LAUNCHER] cmp=com.example.dogglers/.VerticalListActivity }, activity.getIntent()=Intent { act=android.intent.action.MAIN cat=[android.intent.category.LAUNCHER] flg=0x10000000 cmp=com.example.dogglers/androidx.test.core.app.InstrumentationActivityInvoker$EmptyActivity }, activity=androidx.test.core.app.InstrumentationActivityInvoker$EmptyActivity@9a240c0
09-14 18:16:06.960  9935  9935 D LifecycleMonitor: Lifecycle status change: androidx.test.core.app.InstrumentationActivityInvoker$BootstrapActivity@7e3ae15 in: DESTROYED
09-14 18:16:06.960  9935  9935 V ActivityScenario: Activity lifecycle changed event received but ignored because the intent does not match. startActivityIntent=Intent { act=android.intent.action.MAIN cat=[android.intent.category.LAUNCHER] cmp=com.example.dogglers/.VerticalListActivity }, activity.getIntent()=Intent { act=android.intent.action.MAIN cat=[android.intent.category.LAUNCHER] flg=0x10008000 cmp=com.example.dogglers/androidx.test.core.app.InstrumentationActivityInvoker$BootstrapActivity (has extras) }, activity=androidx.test.core.app.InstrumentationActivityInvoker$BootstrapActivity@7e3ae15
09-14 18:16:06.983  9935  9935 D LifecycleMonitor: Lifecycle status change: androidx.test.core.app.InstrumentationActivityInvoker$EmptyActivity@433397 in: PRE_ON_CREATE
09-14 18:16:06.984  9935  9935 V ActivityScenario: Activity lifecycle changed event received but ignored because the intent does not match. startActivityIntent=Intent { act=android.intent.action.MAIN cat=[android.intent.category.LAUNCHER] cmp=com.example.dogglers/.VerticalListActivity }, activity.getIntent()=Intent { act=android.intent.action.MAIN cat=[android.intent.category.LAUNCHER] flg=0x10000000 cmp=com.example.dogglers/androidx.test.core.app.InstrumentationActivityInvoker$EmptyActivity }, activity=androidx.test.core.app.InstrumentationActivityInvoker$EmptyActivity@433397
09-14 18:16:06.999  9935  9935 D LifecycleMonitor: Lifecycle status change: androidx.test.core.app.InstrumentationActivityInvoker$EmptyActivity@433397 in: CREATED
09-14 18:16:07.000  9935  9935 V ActivityScenario: Activity lifecycle changed event received but ignored because the intent does not match. startActivityIntent=Intent { act=android.intent.action.MAIN cat=[android.intent.category.LAUNCHER] cmp=com.example.dogglers/.VerticalListActivity }, activity.getIntent()=Intent { act=android.intent.action.MAIN cat=[android.intent.category.LAUNCHER] flg=0x10000000 cmp=com.example.dogglers/androidx.test.core.app.InstrumentationActivityInvoker$EmptyActivity }, activity=androidx.test.core.app.InstrumentationActivityInvoker$EmptyActivity@433397
09-14 18:16:07.005  9935  9935 D LifecycleMonitor: Lifecycle status change: androidx.test.core.app.InstrumentationActivityInvoker$EmptyActivity@433397 in: STARTED
09-14 18:16:07.006  9935  9935 V ActivityScenario: Activity lifecycle changed event received but ignored because the intent does not match. startActivityIntent=Intent { act=android.intent.action.MAIN cat=[android.intent.category.LAUNCHER] cmp=com.example.dogglers/.VerticalListActivity }, activity.getIntent()=Intent { act=android.intent.action.MAIN cat=[android.intent.category.LAUNCHER] flg=0x10000000 cmp=com.example.dogglers/androidx.test.core.app.InstrumentationActivityInvoker$EmptyActivity }, activity=androidx.test.core.app.InstrumentationActivityInvoker$EmptyActivity@433397
09-14 18:16:07.011  9935  9935 D LifecycleMonitor: Lifecycle status change: androidx.test.core.app.InstrumentationActivityInvoker$EmptyActivity@433397 in: RESUMED
09-14 18:16:07.011  9935  9935 V ActivityScenario: Activity lifecycle changed event received but ignored because the intent does not match. startActivityIntent=Intent { act=android.intent.action.MAIN cat=[android.intent.category.LAUNCHER] cmp=com.example.dogglers/.VerticalListActivity }, activity.getIntent()=Intent { act=android.intent.action.MAIN cat=[android.intent.category.LAUNCHER] flg=0x10000000 cmp=com.example.dogglers/androidx.test.core.app.InstrumentationActivityInvoker$EmptyActivity }, activity=androidx.test.core.app.InstrumentationActivityInvoker$EmptyActivity@433397
09-14 18:16:07.048   348   446 D goldfish-address-space: claimShared: Ask to claim region [0x3f0000000 0x3f09a4000]
09-14 18:16:07.059   348   446 D goldfish-address-space: claimShared: Ask to claim region [0x3f1cec000 0x3f2690000]
09-14 18:16:07.064   348   446 D goldfish-address-space: claimShared: Ask to claim region [0x3f2690000 0x3f3034000]
09-14 18:16:07.079   597   624 I ActivityTaskManager: Displayed com.example.dogglers/androidx.test.core.app.InstrumentationActivityInvoker$EmptyActivity: +205ms
09-14 18:16:07.093  9935  9935 D LifecycleMonitor: Lifecycle status change: androidx.test.core.app.InstrumentationActivityInvoker$EmptyActivity@9a240c0 in: STOPPED
09-14 18:16:07.095  9935  9935 V ActivityScenario: Activity lifecycle changed event received but ignored because the intent does not match. startActivityIntent=Intent { act=android.intent.action.MAIN cat=[android.intent.category.LAUNCHER] cmp=com.example.dogglers/.VerticalListActivity }, activity.getIntent()=Intent { act=android.intent.action.MAIN cat=[android.intent.category.LAUNCHER] flg=0x10000000 cmp=com.example.dogglers/androidx.test.core.app.InstrumentationActivityInvoker$EmptyActivity }, activity=androidx.test.core.app.InstrumentationActivityInvoker$EmptyActivity@9a240c0
09-14 18:16:07.121   348   446 D goldfish-address-space: claimShared: Ask to claim region [0x3f09a4000 0x3f0fd0000]
09-14 18:16:07.153  9935  9935 D LifecycleMonitor: Lifecycle status change: androidx.test.core.app.InstrumentationActivityInvoker$EmptyActivity@9a240c0 in: DESTROYED
09-14 18:16:07.154  9935  9935 V ActivityScenario: Activity lifecycle changed event received but ignored because the intent does not match. startActivityIntent=Intent { act=android.intent.action.MAIN cat=[android.intent.category.LAUNCHER] cmp=com.example.dogglers/.VerticalListActivity }, activity.getIntent()=Intent { act=android.intent.action.MAIN cat=[android.intent.category.LAUNCHER] flg=0x10000000 cmp=com.example.dogglers/androidx.test.core.app.InstrumentationActivityInvoker$EmptyActivity }, activity=androidx.test.core.app.InstrumentationActivityInvoker$EmptyActivity@9a240c0
09-14 18:16:07.159   597  6015 W InputManager-JNI: Input channel object 'baf723c com.example.dogglers/androidx.test.core.app.InstrumentationActivityInvoker$EmptyActivity (client)' was disposed without first being removed with the input manager!
09-14 18:16:07.184  9935  9935 D LifecycleMonitor: Lifecycle status change: androidx.test.core.app.InstrumentationActivityInvoker$EmptyActivity@433397 in: PAUSED
09-14 18:16:07.184  9935  9935 V ActivityScenario: Activity lifecycle changed event received but ignored because the intent does not match. startActivityIntent=Intent { act=android.intent.action.MAIN cat=[android.intent.category.LAUNCHER] cmp=com.example.dogglers/.VerticalListActivity }, activity.getIntent()=Intent { act=android.intent.action.MAIN cat=[android.intent.category.LAUNCHER] flg=0x10000000 cmp=com.example.dogglers/androidx.test.core.app.InstrumentationActivityInvoker$EmptyActivity }, activity=androidx.test.core.app.InstrumentationActivityInvoker$EmptyActivity@433397
09-14 18:16:07.201  9935  9964 I TestRunner: finished: vertical_scroll_content_at_first_position(com.example.dogglers.VerticalListTests)
