09-14 18:16:02.382  9935  9964 I TestRunner: started: vertical_scroll_content_at_last_position(com.example.dogglers.VerticalListTests)
09-14 18:16:02.393  9935  9964 W Settings: Setting always_finish_activities has moved from android.provider.Settings.System to android.provider.Settings.Global, returning read-only value.
09-14 18:16:02.423   809  1075 D SplashScreenView: Build android.window.SplashScreenView{de0b1d2 V.E...... ......ID 0,0-0,0}
09-14 18:16:02.423   809  1075 D SplashScreenView: Icon: view: null drawable: null size: 0
09-14 18:16:02.423   809  1075 D SplashScreenView: Branding: view: android.view.View{945e2a3 G.ED..... ......I. 0,0-0,0 #10204a6 android:id/splashscreen_branding_view} drawable: null size w: 0 h: 0
09-14 18:16:02.468   348   447 D goldfish-address-space: claimShared: Ask to claim region [0x3f0000000 0x3f09a4000]
09-14 18:16:02.481   348   447 D goldfish-address-space: claimShared: Ask to claim region [0x3f09a4000 0x3f1348000]
09-14 18:16:02.483  9935  9935 D LifecycleMonitor: Lifecycle status change: androidx.test.core.app.InstrumentationActivityInvoker$BootstrapActivity@8ec4f3f in: PRE_ON_CREATE
09-14 18:16:02.484   348   447 D goldfish-address-space: claimShared: Ask to claim region [0x3f1348000 0x3f1cec000]
09-14 18:16:02.484  9935  9935 V ActivityScenario: Activity lifecycle changed event received but ignored because the intent does not match. startActivityIntent=Intent { act=android.intent.action.MAIN cat=[android.intent.category.LAUNCHER] cmp=com.example.dogglers/.VerticalListActivity }, activity.getIntent()=Intent { act=android.intent.action.MAIN cat=[android.intent.category.LAUNCHER] flg=0x10008000 cmp=com.example.dogglers/androidx.test.core.app.InstrumentationActivityInvoker$BootstrapActivity (has extras) }, activity=androidx.test.core.app.InstrumentationActivityInvoker$BootstrapActivity@8ec4f3f
09-14 18:16:02.500  9935  9935 D LifecycleMonitor: Lifecycle status change: androidx.test.core.app.InstrumentationActivityInvoker$BootstrapActivity@8ec4f3f in: CREATED
09-14 18:16:02.501  9935  9935 V ActivityScenario: Activity lifecycle changed event received but ignored because the intent does not match. startActivityIntent=Intent { act=android.intent.action.MAIN cat=[android.intent.category.LAUNCHER] cmp=com.example.dogglers/.VerticalListActivity }, activity.getIntent()=Intent { act=android.intent.action.MAIN cat=[android.intent.category.LAUNCHER] flg=0x10008000 cmp=com.example.dogglers/androidx.test.core.app.InstrumentationActivityInvoker$BootstrapActivity (has extras) }, activity=androidx.test.core.app.InstrumentationActivityInvoker$BootstrapActivity@8ec4f3f
09-14 18:16:02.517  9935  9935 D LifecycleMonitor: Lifecycle status change: androidx.test.core.app.InstrumentationActivityInvoker$BootstrapActivity@8ec4f3f in: STARTED
09-14 18:16:02.519  9935  9935 V ActivityScenario: Activity lifecycle changed event received but ignored because the intent does not match. startActivityIntent=Intent { act=android.intent.action.MAIN cat=[android.intent.category.LAUNCHER] cmp=com.example.dogglers/.VerticalListActivity }, activity.getIntent()=Intent { act=android.intent.action.MAIN cat=[android.intent.category.LAUNCHER] flg=0x10008000 cmp=com.example.dogglers/androidx.test.core.app.InstrumentationActivityInvoker$BootstrapActivity (has extras) }, activity=androidx.test.core.app.InstrumentationActivityInvoker$BootstrapActivity@8ec4f3f
09-14 18:16:02.544  9935  9935 D LifecycleMonitor: Lifecycle status change: androidx.test.core.app.InstrumentationActivityInvoker$BootstrapActivity@8ec4f3f in: RESUMED
09-14 18:16:02.544  9935  9935 V ActivityScenario: Activity lifecycle changed event received but ignored because the intent does not match. startActivityIntent=Intent { act=android.intent.action.MAIN cat=[android.intent.category.LAUNCHER] cmp=com.example.dogglers/.VerticalListActivity }, activity.getIntent()=Intent { act=android.intent.action.MAIN cat=[android.intent.category.LAUNCHER] flg=0x10008000 cmp=com.example.dogglers/androidx.test.core.app.InstrumentationActivityInvoker$BootstrapActivity (has extras) }, activity=androidx.test.core.app.InstrumentationActivityInvoker$BootstrapActivity@8ec4f3f
09-14 18:16:02.559  9935  9935 D LifecycleMonitor: Lifecycle status change: androidx.test.core.app.InstrumentationActivityInvoker$BootstrapActivity@8ec4f3f in: PAUSED
09-14 18:16:02.560  2351  2351 I A       : onApplyWindowInsets: systemWindowInsets=Insets{left=0, top=145, right=0, bottom=132}
09-14 18:16:02.560  9935  9935 V ActivityScenario: Activity lifecycle changed event received but ignored because the intent does not match. startActivityIntent=Intent { act=android.intent.action.MAIN cat=[android.intent.category.LAUNCHER] cmp=com.example.dogglers/.VerticalListActivity }, activity.getIntent()=Intent { act=android.intent.action.MAIN cat=[android.intent.category.LAUNCHER] flg=0x10008000 cmp=com.example.dogglers/androidx.test.core.app.InstrumentationActivityInvoker$BootstrapActivity (has extras) }, activity=androidx.test.core.app.InstrumentationActivityInvoker$BootstrapActivity@8ec4f3f
09-14 18:16:02.561  2351  2351 I A       : onApplyWindowInsets: Adjusting for display cutouts. Safe insets: left=0, top=136, right=0, bottom=0
09-14 18:16:02.562  2351  2351 I A       : onApplyWindowInsets: systemWindowInsets=Insets{left=0, top=145, right=0, bottom=132}
09-14 18:16:02.582  2611  2611 I GsaVoiceInteractionSrv: Handling ACTION_STOP_HOTWORD
09-14 18:16:02.583  2611  2611 E HwDetectorWithState: a: 3
09-14 18:16:02.603  9935  9935 D LifecycleMonitor: Lifecycle status change: com.example.dogglers.VerticalListActivity@60a99d1 in: PRE_ON_CREATE
09-14 18:16:02.603  9935  9935 V ActivityScenario: Activity lifecycle changed event received but ignored because the reported transition was not ON_CREATE while the last known transition was PRE_ON_CREATE
09-14 18:16:02.612   903  9971 D NetworkMonitor/101: PROBE_HTTPS https://www.google.com/generate_204 time=2325ms ret=204 request={Connection=[close], User-Agent=[Mozilla/5.0 (X11; Linux x86_64) AppleWebKit/537.36 (KHTML, like Gecko) Chrome/60.0.3112.32 Safari/537.36]} headers={null=[HTTP/1.1 204 No Content], Alt-Svc=[h3=":443"; ma=2592000,h3-29=":443"; ma=2592000,h3-Q050=":443"; ma=2592000,h3-Q046=":443"; ma=2592000,h3-Q043=":443"; ma=2592000,quic=":443"; ma=2592000; v="46,43"], Connection=[close], Content-Length=[0], Cross-Origin-Resource-Policy=[cross-origin], Date=[Wed, 14 Sep 2022 18:16:02 GMT], X-Android-Received-Millis=[1663179362611], X-Android-Response-Source=[NETWORK 204], X-Android-Selected-Protocol=[http/1.1], X-Android-Sent-Millis=[1663179362186]}
09-14 18:16:02.615   903  9969 D NetworkMonitor/101: isCaptivePortal: isSuccessful()=true isPortal()=false RedirectUrl=null isPartialConnectivity()=false Time=2418ms
09-14 18:16:02.626   597   738 D ConnectivityService: [101 WIFI] validation passed
09-14 18:16:02.654  9935  9935 D LifecycleMonitor: Lifecycle status change: com.example.dogglers.VerticalListActivity@60a99d1 in: CREATED
09-14 18:16:02.655  9935  9935 V ActivityScenario: Update currentActivityStage to CREATED, currentActivity=com.example.dogglers.VerticalListActivity@60a99d1
09-14 18:16:02.659  9935  9935 D LifecycleMonitor: Lifecycle status change: com.example.dogglers.VerticalListActivity@60a99d1 in: STARTED
09-14 18:16:02.659  9935  9935 V ActivityScenario: Update currentActivityStage to STARTED, currentActivity=com.example.dogglers.VerticalListActivity@60a99d1
09-14 18:16:02.663  9935  9935 D LifecycleMonitor: Lifecycle status change: com.example.dogglers.VerticalListActivity@60a99d1 in: RESUMED
09-14 18:16:02.664  9935  9935 V ActivityScenario: Update currentActivityStage to RESUMED, currentActivity=com.example.dogglers.VerticalListActivity@60a99d1
09-14 18:16:02.677  9935  9935 D LifecycleMonitor: Lifecycle status change: androidx.test.core.app.InstrumentationActivityInvoker$BootstrapActivity@8ec4f3f in: STOPPED
09-14 18:16:02.678  9935  9935 V ActivityScenario: Activity lifecycle changed event received but ignored because the intent does not match. startActivityIntent=Intent { act=android.intent.action.MAIN cat=[android.intent.category.LAUNCHER] cmp=com.example.dogglers/.VerticalListActivity }, activity.getIntent()=Intent { act=android.intent.action.MAIN cat=[android.intent.category.LAUNCHER] flg=0x10008000 cmp=com.example.dogglers/androidx.test.core.app.InstrumentationActivityInvoker$BootstrapActivity (has extras) }, activity=androidx.test.core.app.InstrumentationActivityInvoker$BootstrapActivity@8ec4f3f
09-14 18:16:02.710   348   447 D goldfish-address-space: claimShared: Ask to claim region [0x3f1cec000 0x3f2690000]
09-14 18:16:02.720   348   447 D goldfish-address-space: claimShared: Ask to claim region [0x3f2690000 0x3f3034000]
09-14 18:16:02.729   348   447 D goldfish-address-space: claimShared: Ask to claim region [0x3f3034000 0x3f39d8000]
09-14 18:16:02.830   597   624 I ActivityTaskManager: Displayed com.example.dogglers/.VerticalListActivity: +424ms
09-14 18:16:02.845   597  2019 W InputManager-JNI: Input channel object '35e7311 Splash Screen com.example.dogglers (client)' was disposed without first being removed with the input manager!
09-14 18:16:02.866  1475  1475 I GoogleInputMethodService: GoogleInputMethodService.onFinishInput():3420
09-14 18:16:02.867  1475  1475 I GoogleInputMethodService: GoogleInputMethodService.onStartInput():2002
09-14 18:16:02.868  1475  1475 I DeviceUnlockedTag: DeviceUnlockedTag.notifyDeviceLockStatusChanged():31 Notify device unlocked.
09-14 18:16:02.899  9935  9935 I ViewInteraction: Performing 'scroll RecyclerView to position: 5' action on view view.getId() is <2131231206/com.example.dogglers:id/vertical_recycler_view>
09-14 18:16:03.027  9935  9935 I ViewInteraction: Checking 'MatchesViewAssertion{viewMatcher=(view has effective visibility <VISIBLE> and view.getGlobalVisibleRect() to return non-empty rectangle)}' assertion on view an instance of android.widget.TextView and view.getText() with or without transformation to match: is "Bella"
09-14 18:16:03.050  9935  9935 D LifecycleMonitor: Lifecycle status change: com.example.dogglers.VerticalListActivity@60a99d1 in: PAUSED
09-14 18:16:03.050  9935  9935 V ActivityScenario: Update currentActivityStage to PAUSED, currentActivity=com.example.dogglers.VerticalListActivity@60a99d1
09-14 18:16:03.075  9935  9935 D LifecycleMonitor: Lifecycle status change: androidx.test.core.app.InstrumentationActivityInvoker$EmptyActivity@3552daf in: PRE_ON_CREATE
09-14 18:16:03.076  9935  9935 V ActivityScenario: Activity lifecycle changed event received but ignored because the intent does not match. startActivityIntent=Intent { act=android.intent.action.MAIN cat=[android.intent.category.LAUNCHER] cmp=com.example.dogglers/.VerticalListActivity }, activity.getIntent()=Intent { act=android.intent.action.MAIN cat=[android.intent.category.LAUNCHER] flg=0x10000000 cmp=com.example.dogglers/androidx.test.core.app.InstrumentationActivityInvoker$EmptyActivity }, activity=androidx.test.core.app.InstrumentationActivityInvoker$EmptyActivity@3552daf
09-14 18:16:03.088  9935  9935 D LifecycleMonitor: Lifecycle status change: androidx.test.core.app.InstrumentationActivityInvoker$EmptyActivity@3552daf in: CREATED
09-14 18:16:03.089  9935  9935 V ActivityScenario: Activity lifecycle changed event received but ignored because the intent does not match. startActivityIntent=Intent { act=android.intent.action.MAIN cat=[android.intent.category.LAUNCHER] cmp=com.example.dogglers/.VerticalListActivity }, activity.getIntent()=Intent { act=android.intent.action.MAIN cat=[android.intent.category.LAUNCHER] flg=0x10000000 cmp=com.example.dogglers/androidx.test.core.app.InstrumentationActivityInvoker$EmptyActivity }, activity=androidx.test.core.app.InstrumentationActivityInvoker$EmptyActivity@3552daf
09-14 18:16:03.093  9935  9935 D LifecycleMonitor: Lifecycle status change: androidx.test.core.app.InstrumentationActivityInvoker$EmptyActivity@3552daf in: STARTED
09-14 18:16:03.095  9935  9935 V ActivityScenario: Activity lifecycle changed event received but ignored because the intent does not match. startActivityIntent=Intent { act=android.intent.action.MAIN cat=[android.intent.category.LAUNCHER] cmp=com.example.dogglers/.VerticalListActivity }, activity.getIntent()=Intent { act=android.intent.action.MAIN cat=[android.intent.category.LAUNCHER] flg=0x10000000 cmp=com.example.dogglers/androidx.test.core.app.InstrumentationActivityInvoker$EmptyActivity }, activity=androidx.test.core.app.InstrumentationActivityInvoker$EmptyActivity@3552daf
09-14 18:16:03.097  9935  9935 D LifecycleMonitor: Lifecycle status change: androidx.test.core.app.InstrumentationActivityInvoker$EmptyActivity@3552daf in: RESUMED
09-14 18:16:03.099  9935  9935 V ActivityScenario: Activity lifecycle changed event received but ignored because the intent does not match. startActivityIntent=Intent { act=android.intent.action.MAIN cat=[android.intent.category.LAUNCHER] cmp=com.example.dogglers/.VerticalListActivity }, activity.getIntent()=Intent { act=android.intent.action.MAIN cat=[android.intent.category.LAUNCHER] flg=0x10000000 cmp=com.example.dogglers/androidx.test.core.app.InstrumentationActivityInvoker$EmptyActivity }, activity=androidx.test.core.app.InstrumentationActivityInvoker$EmptyActivity@3552daf
09-14 18:16:03.144   348   447 D goldfish-address-space: claimShared: Ask to claim region [0x3f0000000 0x3f09a4000]
09-14 18:16:03.148   348   447 D goldfish-address-space: claimShared: Ask to claim region [0x3f09a4000 0x3f1348000]
09-14 18:16:03.151   348   447 D goldfish-address-space: claimShared: Ask to claim region [0x3f1348000 0x3f1cec000]
09-14 18:16:03.166   597   624 I ActivityTaskManager: Displayed com.example.dogglers/androidx.test.core.app.InstrumentationActivityInvoker$EmptyActivity: +130ms
09-14 18:16:03.204  9935  9935 D LifecycleMonitor: Lifecycle status change: com.example.dogglers.VerticalListActivity@60a99d1 in: STOPPED
09-14 18:16:03.204  9935  9935 V ActivityScenario: Update currentActivityStage to STOPPED, currentActivity=com.example.dogglers.VerticalListActivity@60a99d1
09-14 18:16:03.211  9935  9935 D LifecycleMonitor: Lifecycle status change: com.example.dogglers.VerticalListActivity@60a99d1 in: DESTROYED
09-14 18:16:03.211  9935  9935 V ActivityScenario: Update currentActivityStage to DESTROYED, currentActivity=null
09-14 18:16:03.218   597   971 W InputManager-JNI: Input channel object 'c138857 com.example.dogglers/com.example.dogglers.VerticalListActivity (client)' was disposed without first being removed with the input manager!
09-14 18:16:03.233  1475  1475 I GoogleInputMethodService: GoogleInputMethodService.onFinishInput():3420
09-14 18:16:03.234  1475  1475 I GoogleInputMethodService: GoogleInputMethodService.onStartInput():2002
09-14 18:16:03.235  1475  1475 I DeviceUnlockedTag: DeviceUnlockedTag.notifyDeviceLockStatusChanged():31 Notify device unlocked.
09-14 18:16:03.243  9935  9935 D LifecycleMonitor: Lifecycle status change: androidx.test.core.app.InstrumentationActivityInvoker$EmptyActivity@3552daf in: PAUSED
09-14 18:16:03.244  9935  9935 V ActivityScenario: Activity lifecycle changed event received but ignored because the intent does not match. startActivityIntent=Intent { act=android.intent.action.MAIN cat=[android.intent.category.LAUNCHER] cmp=com.example.dogglers/.VerticalListActivity }, activity.getIntent()=Intent { act=android.intent.action.MAIN cat=[android.intent.category.LAUNCHER] flg=0x10000000 cmp=com.example.dogglers/androidx.test.core.app.InstrumentationActivityInvoker$EmptyActivity }, activity=androidx.test.core.app.InstrumentationActivityInvoker$EmptyActivity@3552daf
09-14 18:16:03.260  9935  9935 D LifecycleMonitor: Lifecycle status change: androidx.test.core.app.InstrumentationActivityInvoker$BootstrapActivity@8ec4f3f in: DESTROYED
09-14 18:16:03.261  9935  9935 V ActivityScenario: Activity lifecycle changed event received but ignored because the intent does not match. startActivityIntent=Intent { act=android.intent.action.MAIN cat=[android.intent.category.LAUNCHER] cmp=com.example.dogglers/.VerticalListActivity }, activity.getIntent()=Intent { act=android.intent.action.MAIN cat=[android.intent.category.LAUNCHER] flg=0x10008000 cmp=com.example.dogglers/androidx.test.core.app.InstrumentationActivityInvoker$BootstrapActivity (has extras) }, activity=androidx.test.core.app.InstrumentationActivityInvoker$BootstrapActivity@8ec4f3f
09-14 18:16:03.272  9935  9935 D LifecycleMonitor: Lifecycle status change: androidx.test.core.app.InstrumentationActivityInvoker$EmptyActivity@27a00f2 in: PRE_ON_CREATE
09-14 18:16:03.273  9935  9935 V ActivityScenario: Activity lifecycle changed event received but ignored because the intent does not match. startActivityIntent=Intent { act=android.intent.action.MAIN cat=[android.intent.category.LAUNCHER] cmp=com.example.dogglers/.VerticalListActivity }, activity.getIntent()=Intent { act=android.intent.action.MAIN cat=[android.intent.category.LAUNCHER] flg=0x10000000 cmp=com.example.dogglers/androidx.test.core.app.InstrumentationActivityInvoker$EmptyActivity }, activity=androidx.test.core.app.InstrumentationActivityInvoker$EmptyActivity@27a00f2
09-14 18:16:03.284  9935  9935 D LifecycleMonitor: Lifecycle status change: androidx.test.core.app.InstrumentationActivityInvoker$EmptyActivity@27a00f2 in: CREATED
09-14 18:16:03.285  9935  9935 V ActivityScenario: Activity lifecycle changed event received but ignored because the intent does not match. startActivityIntent=Intent { act=android.intent.action.MAIN cat=[android.intent.category.LAUNCHER] cmp=com.example.dogglers/.VerticalListActivity }, activity.getIntent()=Intent { act=android.intent.action.MAIN cat=[android.intent.category.LAUNCHER] flg=0x10000000 cmp=com.example.dogglers/androidx.test.core.app.InstrumentationActivityInvoker$EmptyActivity }, activity=androidx.test.core.app.InstrumentationActivityInvoker$EmptyActivity@27a00f2
09-14 18:16:03.288  9935  9935 D LifecycleMonitor: Lifecycle status change: androidx.test.core.app.InstrumentationActivityInvoker$EmptyActivity@27a00f2 in: STARTED
09-14 18:16:03.289  9935  9935 V ActivityScenario: Activity lifecycle changed event received but ignored because the intent does not match. startActivityIntent=Intent { act=android.intent.action.MAIN cat=[android.intent.category.LAUNCHER] cmp=com.example.dogglers/.VerticalListActivity }, activity.getIntent()=Intent { act=android.intent.action.MAIN cat=[android.intent.category.LAUNCHER] flg=0x10000000 cmp=com.example.dogglers/androidx.test.core.app.InstrumentationActivityInvoker$EmptyActivity }, activity=androidx.test.core.app.InstrumentationActivityInvoker$EmptyActivity@27a00f2
09-14 18:16:03.291  9935  9935 D LifecycleMonitor: Lifecycle status change: androidx.test.core.app.InstrumentationActivityInvoker$EmptyActivity@27a00f2 in: RESUMED
09-14 18:16:03.292  9935  9935 V ActivityScenario: Activity lifecycle changed event received but ignored because the intent does not match. startActivityIntent=Intent { act=android.intent.action.MAIN cat=[android.intent.category.LAUNCHER] cmp=com.example.dogglers/.VerticalListActivity }, activity.getIntent()=Intent { act=android.intent.action.MAIN cat=[android.intent.category.LAUNCHER] flg=0x10000000 cmp=com.example.dogglers/androidx.test.core.app.InstrumentationActivityInvoker$EmptyActivity }, activity=androidx.test.core.app.InstrumentationActivityInvoker$EmptyActivity@27a00f2
09-14 18:16:03.328   348   447 D goldfish-address-space: claimShared: Ask to claim region [0x3f1cec000 0x3f2690000]
09-14 18:16:03.339   348   447 D goldfish-address-space: claimShared: Ask to claim region [0x3f2690000 0x3f3034000]
09-14 18:16:03.347   348   447 D goldfish-address-space: claimShared: Ask to claim region [0x3f3034000 0x3f39d8000]
09-14 18:16:03.366  9935  9964 I TestRunner: finished: vertical_scroll_content_at_last_position(com.example.dogglers.VerticalListTests)
