09-14 18:16:03.670  9935  9964 I TestRunner: started: vertical_scrolling(com.example.dogglers.VerticalListTests)
09-14 18:16:03.677   597  2019 W InputManager-JNI: Input channel object 'e044e79 com.example.dogglers/androidx.test.core.app.InstrumentationActivityInvoker$EmptyActivity (client)' was disposed without first being removed with the input manager!
09-14 18:16:03.717  9935  9964 W Settings: Setting always_finish_activities has moved from android.provider.Settings.System to android.provider.Settings.Global, returning read-only value.
09-14 18:16:03.740   809  1075 D SplashScreenView: Build android.window.SplashScreenView{fdc2df6 V.E...... ......ID 0,0-0,0}
09-14 18:16:03.740   809  1075 D SplashScreenView: Icon: view: null drawable: null size: 0
09-14 18:16:03.740   809  1075 D SplashScreenView: Branding: view: android.view.View{904b5f7 G.ED..... ......I. 0,0-0,0 #10204a6 android:id/splashscreen_branding_view} drawable: null size w: 0 h: 0
09-14 18:16:03.784  9935  9935 D LifecycleMonitor: Lifecycle status change: androidx.test.core.app.InstrumentationActivityInvoker$BootstrapActivity@494bc4a in: PRE_ON_CREATE
09-14 18:16:03.784  9935  9935 V ActivityScenario: Activity lifecycle changed event received but ignored because the intent does not match. startActivityIntent=Intent { act=android.intent.action.MAIN cat=[android.intent.category.LAUNCHER] cmp=com.example.dogglers/.VerticalListActivity }, activity.getIntent()=Intent { act=android.intent.action.MAIN cat=[android.intent.category.LAUNCHER] flg=0x10008000 cmp=com.example.dogglers/androidx.test.core.app.InstrumentationActivityInvoker$BootstrapActivity (has extras) }, activity=androidx.test.core.app.InstrumentationActivityInvoker$BootstrapActivity@494bc4a
09-14 18:16:03.797  9935  9935 D LifecycleMonitor: Lifecycle status change: androidx.test.core.app.InstrumentationActivityInvoker$BootstrapActivity@494bc4a in: CREATED
09-14 18:16:03.800   348   447 D goldfish-address-space: claimShared: Ask to claim region [0x3f1cec000 0x3f2690000]
09-14 18:16:03.803  9935  9935 V ActivityScenario: Activity lifecycle changed event received but ignored because the intent does not match. startActivityIntent=Intent { act=android.intent.action.MAIN cat=[android.intent.category.LAUNCHER] cmp=com.example.dogglers/.VerticalListActivity }, activity.getIntent()=Intent { act=android.intent.action.MAIN cat=[android.intent.category.LAUNCHER] flg=0x10008000 cmp=com.example.dogglers/androidx.test.core.app.InstrumentationActivityInvoker$BootstrapActivity (has extras) }, activity=androidx.test.core.app.InstrumentationActivityInvoker$BootstrapActivity@494bc4a
09-14 18:16:03.806  9935  9935 D LifecycleMonitor: Lifecycle status change: androidx.test.core.app.InstrumentationActivityInvoker$BootstrapActivity@494bc4a in: STARTED
09-14 18:16:03.806  9935  9935 V ActivityScenario: Activity lifecycle changed event received but ignored because the intent does not match. startActivityIntent=Intent { act=android.intent.action.MAIN cat=[android.intent.category.LAUNCHER] cmp=com.example.dogglers/.VerticalListActivity }, activity.getIntent()=Intent { act=android.intent.action.MAIN cat=[android.intent.category.LAUNCHER] flg=0x10008000 cmp=com.example.dogglers/androidx.test.core.app.InstrumentationActivityInvoker$BootstrapActivity (has extras) }, activity=androidx.test.core.app.InstrumentationActivityInvoker$BootstrapActivity@494bc4a
09-14 18:16:03.816   348   447 D goldfish-address-space: claimShared: Ask to claim region [0x3f2690000 0x3f3034000]
09-14 18:16:03.834  9935  9935 D LifecycleMonitor: Lifecycle status change: androidx.test.core.app.InstrumentationActivityInvoker$BootstrapActivity@494bc4a in: RESUMED
09-14 18:16:03.835  9935  9935 V ActivityScenario: Activity lifecycle changed event received but ignored because the intent does not match. startActivityIntent=Intent { act=android.intent.action.MAIN cat=[android.intent.category.LAUNCHER] cmp=com.example.dogglers/.VerticalListActivity }, activity.getIntent()=Intent { act=android.intent.action.MAIN cat=[android.intent.category.LAUNCHER] flg=0x10008000 cmp=com.example.dogglers/androidx.test.core.app.InstrumentationActivityInvoker$BootstrapActivity (has extras) }, activity=androidx.test.core.app.InstrumentationActivityInvoker$BootstrapActivity@494bc4a
09-14 18:16:03.836   348   447 D goldfish-address-space: claimShared: Ask to claim region [0x3f3034000 0x3f39d8000]
09-14 18:16:03.843  9935  9935 D LifecycleMonitor: Lifecycle status change: androidx.test.core.app.InstrumentationActivityInvoker$BootstrapActivity@494bc4a in: PAUSED
09-14 18:16:03.843  9935  9935 V ActivityScenario: Activity lifecycle changed event received but ignored because the intent does not match. startActivityIntent=Intent { act=android.intent.action.MAIN cat=[android.intent.category.LAUNCHER] cmp=com.example.dogglers/.VerticalListActivity }, activity.getIntent()=Intent { act=android.intent.action.MAIN cat=[android.intent.category.LAUNCHER] flg=0x10008000 cmp=com.example.dogglers/androidx.test.core.app.InstrumentationActivityInvoker$BootstrapActivity (has extras) }, activity=androidx.test.core.app.InstrumentationActivityInvoker$BootstrapActivity@494bc4a
09-14 18:16:03.859  2611  2611 I GsaVoiceInteractionSrv: Handling ACTION_STOP_HOTWORD
09-14 18:16:03.859  2611  2611 E HwDetectorWithState: a: 3
09-14 18:16:03.879  9935  9935 D LifecycleMonitor: Lifecycle status change: com.example.dogglers.VerticalListActivity@5f6684 in: PRE_ON_CREATE
09-14 18:16:03.880  9935  9935 V ActivityScenario: Activity lifecycle changed event received but ignored because the reported transition was not ON_CREATE while the last known transition was PRE_ON_CREATE
09-14 18:16:03.929  2351  2351 I A       : onApplyWindowInsets: systemWindowInsets=Insets{left=0, top=145, right=0, bottom=132}
09-14 18:16:03.929  2351  2351 I A       : onApplyWindowInsets: Adjusting for display cutouts. Safe insets: left=0, top=136, right=0, bottom=0
09-14 18:16:03.930  2351  2351 I A       : onApplyWindowInsets: systemWindowInsets=Insets{left=0, top=145, right=0, bottom=132}
09-14 18:16:03.934  9935  9935 D LifecycleMonitor: Lifecycle status change: com.example.dogglers.VerticalListActivity@5f6684 in: CREATED
09-14 18:16:03.935  9935  9935 V ActivityScenario: Update currentActivityStage to CREATED, currentActivity=com.example.dogglers.VerticalListActivity@5f6684
09-14 18:16:03.938  9935  9935 D LifecycleMonitor: Lifecycle status change: com.example.dogglers.VerticalListActivity@5f6684 in: STARTED
09-14 18:16:03.939  9935  9935 V ActivityScenario: Update currentActivityStage to STARTED, currentActivity=com.example.dogglers.VerticalListActivity@5f6684
09-14 18:16:03.941  9935  9935 D LifecycleMonitor: Lifecycle status change: com.example.dogglers.VerticalListActivity@5f6684 in: RESUMED
09-14 18:16:03.942  9935  9935 V ActivityScenario: Update currentActivityStage to RESUMED, currentActivity=com.example.dogglers.VerticalListActivity@5f6684
09-14 18:16:03.965  9935  9935 D LifecycleMonitor: Lifecycle status change: androidx.test.core.app.InstrumentationActivityInvoker$BootstrapActivity@494bc4a in: STOPPED
09-14 18:16:03.966  9935  9935 V ActivityScenario: Activity lifecycle changed event received but ignored because the intent does not match. startActivityIntent=Intent { act=android.intent.action.MAIN cat=[android.intent.category.LAUNCHER] cmp=com.example.dogglers/.VerticalListActivity }, activity.getIntent()=Intent { act=android.intent.action.MAIN cat=[android.intent.category.LAUNCHER] flg=0x10008000 cmp=com.example.dogglers/androidx.test.core.app.InstrumentationActivityInvoker$BootstrapActivity (has extras) }, activity=androidx.test.core.app.InstrumentationActivityInvoker$BootstrapActivity@494bc4a
09-14 18:16:03.997   348   447 D goldfish-address-space: claimShared: Ask to claim region [0x3f09a4000 0x3f1348000]
09-14 18:16:04.014   348   447 D goldfish-address-space: claimShared: Ask to claim region [0x3f1348000 0x3f1cec000]
09-14 18:16:04.016   348   447 D goldfish-address-space: claimShared: Ask to claim region [0x3f5358000 0x3f5cfc000]
09-14 18:16:04.106   597   624 I ActivityTaskManager: Displayed com.example.dogglers/.VerticalListActivity: +372ms
09-14 18:16:04.124  1475  1475 I GoogleInputMethodService: GoogleInputMethodService.onFinishInput():3420
09-14 18:16:04.125  1475  1475 I GoogleInputMethodService: GoogleInputMethodService.onStartInput():2002
09-14 18:16:04.126  1475  1475 I DeviceUnlockedTag: DeviceUnlockedTag.notifyDeviceLockStatusChanged():31 Notify device unlocked.
09-14 18:16:04.130   597  6015 W InputManager-JNI: Input channel object '31a7e93 Splash Screen com.example.dogglers (client)' was disposed without first being removed with the input manager!
09-14 18:16:04.213  9935  9935 I ViewInteraction: Performing 'fast swipe' action on view view.getId() is <2131231206/com.example.dogglers:id/vertical_recycler_view>
09-14 18:16:04.505  9935  9935 I ViewInteraction: Checking 'MatchesViewAssertion{viewMatcher=(view has effective visibility <VISIBLE> and view.getGlobalVisibleRect() to return non-empty rectangle)}' assertion on view an instance of android.widget.TextView and view.getText() with or without transformation to match: is "Faye"
09-14 18:16:04.533  9935  9935 D LifecycleMonitor: Lifecycle status change: com.example.dogglers.VerticalListActivity@5f6684 in: PAUSED
09-14 18:16:04.534  9935  9935 V ActivityScenario: Update currentActivityStage to PAUSED, currentActivity=com.example.dogglers.VerticalListActivity@5f6684
09-14 18:16:04.556  9935  9935 D LifecycleMonitor: Lifecycle status change: androidx.test.core.app.InstrumentationActivityInvoker$EmptyActivity@5c4046e in: PRE_ON_CREATE
09-14 18:16:04.557  9935  9935 V ActivityScenario: Activity lifecycle changed event received but ignored because the intent does not match. startActivityIntent=Intent { act=android.intent.action.MAIN cat=[android.intent.category.LAUNCHER] cmp=com.example.dogglers/.VerticalListActivity }, activity.getIntent()=Intent { act=android.intent.action.MAIN cat=[android.intent.category.LAUNCHER] flg=0x10000000 cmp=com.example.dogglers/androidx.test.core.app.InstrumentationActivityInvoker$EmptyActivity }, activity=androidx.test.core.app.InstrumentationActivityInvoker$EmptyActivity@5c4046e
09-14 18:16:04.570  9935  9935 D LifecycleMonitor: Lifecycle status change: androidx.test.core.app.InstrumentationActivityInvoker$EmptyActivity@5c4046e in: CREATED
09-14 18:16:04.571  9935  9935 V ActivityScenario: Activity lifecycle changed event received but ignored because the intent does not match. startActivityIntent=Intent { act=android.intent.action.MAIN cat=[android.intent.category.LAUNCHER] cmp=com.example.dogglers/.VerticalListActivity }, activity.getIntent()=Intent { act=android.intent.action.MAIN cat=[android.intent.category.LAUNCHER] flg=0x10000000 cmp=com.example.dogglers/androidx.test.core.app.InstrumentationActivityInvoker$EmptyActivity }, activity=androidx.test.core.app.InstrumentationActivityInvoker$EmptyActivity@5c4046e
09-14 18:16:04.573  9935  9935 D LifecycleMonitor: Lifecycle status change: androidx.test.core.app.InstrumentationActivityInvoker$EmptyActivity@5c4046e in: STARTED
09-14 18:16:04.574  9935  9935 V ActivityScenario: Activity lifecycle changed event received but ignored because the intent does not match. startActivityIntent=Intent { act=android.intent.action.MAIN cat=[android.intent.category.LAUNCHER] cmp=com.example.dogglers/.VerticalListActivity }, activity.getIntent()=Intent { act=android.intent.action.MAIN cat=[android.intent.category.LAUNCHER] flg=0x10000000 cmp=com.example.dogglers/androidx.test.core.app.InstrumentationActivityInvoker$EmptyActivity }, activity=androidx.test.core.app.InstrumentationActivityInvoker$EmptyActivity@5c4046e
09-14 18:16:04.579  9935  9935 D LifecycleMonitor: Lifecycle status change: androidx.test.core.app.InstrumentationActivityInvoker$EmptyActivity@5c4046e in: RESUMED
09-14 18:16:04.579  9935  9935 V ActivityScenario: Activity lifecycle changed event received but ignored because the intent does not match. startActivityIntent=Intent { act=android.intent.action.MAIN cat=[android.intent.category.LAUNCHER] cmp=com.example.dogglers/.VerticalListActivity }, activity.getIntent()=Intent { act=android.intent.action.MAIN cat=[android.intent.category.LAUNCHER] flg=0x10000000 cmp=com.example.dogglers/androidx.test.core.app.InstrumentationActivityInvoker$EmptyActivity }, activity=androidx.test.core.app.InstrumentationActivityInvoker$EmptyActivity@5c4046e
09-14 18:16:04.592  9935  9935 D CompatibilityChangeReporter: Compat change id reported: 171228096; UID 10156; state: ENABLED
09-14 18:16:04.623   348   447 D goldfish-address-space: claimShared: Ask to claim region [0x3f0000000 0x3f09a4000]
09-14 18:16:04.633   348   447 D goldfish-address-space: claimShared: Ask to claim region [0x3f1cec000 0x3f2690000]
09-14 18:16:04.635   348   446 D goldfish-address-space: claimShared: Ask to claim region [0x3f2690000 0x3f3034000]
09-14 18:16:04.657   597   624 I ActivityTaskManager: Displayed com.example.dogglers/androidx.test.core.app.InstrumentationActivityInvoker$EmptyActivity: +135ms
09-14 18:16:04.723  9935  9935 D LifecycleMonitor: Lifecycle status change: com.example.dogglers.VerticalListActivity@5f6684 in: STOPPED
09-14 18:16:04.723  9935  9935 V ActivityScenario: Update currentActivityStage to STOPPED, currentActivity=com.example.dogglers.VerticalListActivity@5f6684
09-14 18:16:04.728  9935  9935 D LifecycleMonitor: Lifecycle status change: com.example.dogglers.VerticalListActivity@5f6684 in: DESTROYED
09-14 18:16:04.728  9935  9935 V ActivityScenario: Update currentActivityStage to DESTROYED, currentActivity=null
09-14 18:16:04.740   597  3217 W InputManager-JNI: Input channel object '5d2c273 com.example.dogglers/com.example.dogglers.VerticalListActivity (client)' was disposed without first being removed with the input manager!
09-14 18:16:04.767  9935  9935 D LifecycleMonitor: Lifecycle status change: androidx.test.core.app.InstrumentationActivityInvoker$EmptyActivity@5c4046e in: PAUSED
09-14 18:16:04.768  9935  9935 V ActivityScenario: Activity lifecycle changed event received but ignored because the intent does not match. startActivityIntent=Intent { act=android.intent.action.MAIN cat=[android.intent.category.LAUNCHER] cmp=com.example.dogglers/.VerticalListActivity }, activity.getIntent()=Intent { act=android.intent.action.MAIN cat=[android.intent.category.LAUNCHER] flg=0x10000000 cmp=com.example.dogglers/androidx.test.core.app.InstrumentationActivityInvoker$EmptyActivity }, activity=androidx.test.core.app.InstrumentationActivityInvoker$EmptyActivity@5c4046e
09-14 18:16:04.786  9935  9935 D LifecycleMonitor: Lifecycle status change: androidx.test.core.app.InstrumentationActivityInvoker$BootstrapActivity@494bc4a in: DESTROYED
09-14 18:16:04.786  9935  9935 V ActivityScenario: Activity lifecycle changed event received but ignored because the intent does not match. startActivityIntent=Intent { act=android.intent.action.MAIN cat=[android.intent.category.LAUNCHER] cmp=com.example.dogglers/.VerticalListActivity }, activity.getIntent()=Intent { act=android.intent.action.MAIN cat=[android.intent.category.LAUNCHER] flg=0x10008000 cmp=com.example.dogglers/androidx.test.core.app.InstrumentationActivityInvoker$BootstrapActivity (has extras) }, activity=androidx.test.core.app.InstrumentationActivityInvoker$BootstrapActivity@494bc4a
09-14 18:16:04.797  9935  9935 D LifecycleMonitor: Lifecycle status change: androidx.test.core.app.InstrumentationActivityInvoker$EmptyActivity@ac1d05d in: PRE_ON_CREATE
09-14 18:16:04.798  9935  9935 V ActivityScenario: Activity lifecycle changed event received but ignored because the intent does not match. startActivityIntent=Intent { act=android.intent.action.MAIN cat=[android.intent.category.LAUNCHER] cmp=com.example.dogglers/.VerticalListActivity }, activity.getIntent()=Intent { act=android.intent.action.MAIN cat=[android.intent.category.LAUNCHER] flg=0x10000000 cmp=com.example.dogglers/androidx.test.core.app.InstrumentationActivityInvoker$EmptyActivity }, activity=androidx.test.core.app.InstrumentationActivityInvoker$EmptyActivity@ac1d05d
09-14 18:16:04.810  9935  9935 D LifecycleMonitor: Lifecycle status change: androidx.test.core.app.InstrumentationActivityInvoker$EmptyActivity@ac1d05d in: CREATED
09-14 18:16:04.811  9935  9935 V ActivityScenario: Activity lifecycle changed event received but ignored because the intent does not match. startActivityIntent=Intent { act=android.intent.action.MAIN cat=[android.intent.category.LAUNCHER] cmp=com.example.dogglers/.VerticalListActivity }, activity.getIntent()=Intent { act=android.intent.action.MAIN cat=[android.intent.category.LAUNCHER] flg=0x10000000 cmp=com.example.dogglers/androidx.test.core.app.InstrumentationActivityInvoker$EmptyActivity }, activity=androidx.test.core.app.InstrumentationActivityInvoker$EmptyActivity@ac1d05d
09-14 18:16:04.814  9935  9935 D LifecycleMonitor: Lifecycle status change: androidx.test.core.app.InstrumentationActivityInvoker$EmptyActivity@ac1d05d in: STARTED
09-14 18:16:04.815  9935  9935 V ActivityScenario: Activity lifecycle changed event received but ignored because the intent does not match. startActivityIntent=Intent { act=android.intent.action.MAIN cat=[android.intent.category.LAUNCHER] cmp=com.example.dogglers/.VerticalListActivity }, activity.getIntent()=Intent { act=android.intent.action.MAIN cat=[android.intent.category.LAUNCHER] flg=0x10000000 cmp=com.example.dogglers/androidx.test.core.app.InstrumentationActivityInvoker$EmptyActivity }, activity=androidx.test.core.app.InstrumentationActivityInvoker$EmptyActivity@ac1d05d
09-14 18:16:04.820  9935  9935 D LifecycleMonitor: Lifecycle status change: androidx.test.core.app.InstrumentationActivityInvoker$EmptyActivity@ac1d05d in: RESUMED
09-14 18:16:04.821  9935  9935 V ActivityScenario: Activity lifecycle changed event received but ignored because the intent does not match. startActivityIntent=Intent { act=android.intent.action.MAIN cat=[android.intent.category.LAUNCHER] cmp=com.example.dogglers/.VerticalListActivity }, activity.getIntent()=Intent { act=android.intent.action.MAIN cat=[android.intent.category.LAUNCHER] flg=0x10000000 cmp=com.example.dogglers/androidx.test.core.app.InstrumentationActivityInvoker$EmptyActivity }, activity=androidx.test.core.app.InstrumentationActivityInvoker$EmptyActivity@ac1d05d
09-14 18:16:04.860   348   446 D goldfish-address-space: claimShared: Ask to claim region [0x3f3034000 0x3f39d8000]
09-14 18:16:04.879   348   446 D goldfish-address-space: claimShared: Ask to claim region [0x3f09a4000 0x3f1348000]
09-14 18:16:04.896   348   446 D goldfish-address-space: claimShared: Ask to claim region [0x3f1348000 0x3f1cec000]
09-14 18:16:04.916   597   624 I ActivityTaskManager: Displayed com.example.dogglers/androidx.test.core.app.InstrumentationActivityInvoker$EmptyActivity: +227ms
09-14 18:16:04.944   348   446 D goldfish-address-space: claimShared: Ask to claim region [0x3f72fa000 0x3f7926000]
09-14 18:16:05.001  9935  9935 D LifecycleMonitor: Lifecycle status change: androidx.test.core.app.InstrumentationActivityInvoker$EmptyActivity@5c4046e in: STOPPED
09-14 18:16:05.001  9935  9935 V ActivityScenario: Activity lifecycle changed event received but ignored because the intent does not match. startActivityIntent=Intent { act=android.intent.action.MAIN cat=[android.intent.category.LAUNCHER] cmp=com.example.dogglers/.VerticalListActivity }, activity.getIntent()=Intent { act=android.intent.action.MAIN cat=[android.intent.category.LAUNCHER] flg=0x10000000 cmp=com.example.dogglers/androidx.test.core.app.InstrumentationActivityInvoker$EmptyActivity }, activity=androidx.test.core.app.InstrumentationActivityInvoker$EmptyActivity@5c4046e
09-14 18:16:05.010  9935  9935 D LifecycleMonitor: Lifecycle status change: androidx.test.core.app.InstrumentationActivityInvoker$EmptyActivity@5c4046e in: DESTROYED
09-14 18:16:05.012  9935  9935 V ActivityScenario: Activity lifecycle changed event received but ignored because the intent does not match. startActivityIntent=Intent { act=android.intent.action.MAIN cat=[android.intent.category.LAUNCHER] cmp=com.example.dogglers/.VerticalListActivity }, activity.getIntent()=Intent { act=android.intent.action.MAIN cat=[android.intent.category.LAUNCHER] flg=0x10000000 cmp=com.example.dogglers/androidx.test.core.app.InstrumentationActivityInvoker$EmptyActivity }, activity=androidx.test.core.app.InstrumentationActivityInvoker$EmptyActivity@5c4046e
09-14 18:16:05.025   597  3217 W InputManager-JNI: Input channel object '98a8c89 com.example.dogglers/androidx.test.core.app.InstrumentationActivityInvoker$EmptyActivity (client)' was disposed without first being removed with the input manager!
09-14 18:16:05.034  9935  9935 D LifecycleMonitor: Lifecycle status change: androidx.test.core.app.InstrumentationActivityInvoker$EmptyActivity@ac1d05d in: PAUSED
09-14 18:16:05.051  9935  9935 V ActivityScenario: Activity lifecycle changed event received but ignored because the intent does not match. startActivityIntent=Intent { act=android.intent.action.MAIN cat=[android.intent.category.LAUNCHER] cmp=com.example.dogglers/.VerticalListActivity }, activity.getIntent()=Intent { act=android.intent.action.MAIN cat=[android.intent.category.LAUNCHER] flg=0x10000000 cmp=com.example.dogglers/androidx.test.core.app.InstrumentationActivityInvoker$EmptyActivity }, activity=androidx.test.core.app.InstrumentationActivityInvoker$EmptyActivity@ac1d05d
09-14 18:16:05.077  9935  9964 I TestRunner: finished: vertical_scrolling(com.example.dogglers.VerticalListTests)
